{
  "version": "1.5.0",
  "plugins_used": [
    {
      "name": "ArtifactoryDetector"
    },
    {
      "name": "AWSKeyDetector"
    },
    {
      "name": "AzureStorageKeyDetector"
    },
    {
      "name": "Base64HighEntropyString",
      "limit": 4.5
    },
    {
      "name": "BasicAuthDetector"
    },
    {
      "name": "CloudantDetector"
    },
    {
      "name": "DiscordBotTokenDetector"
    },
    {
      "name": "GitHubTokenDetector"
    },
    {
      "name": "GitLabTokenDetector"
    },
    {
      "name": "HexHighEntropyString",
      "limit": 3.0
    },
    {
      "name": "IbmCloudIamDetector"
    },
    {
      "name": "IbmCosHmacDetector"
    },
    {
      "name": "IPPublicDetector"
    },
    {
      "name": "JwtTokenDetector"
    },
    {
      "name": "KeywordDetector",
      "keyword_exclude": ""
    },
    {
      "name": "MailchimpDetector"
    },
    {
      "name": "NpmDetector"
    },
    {
      "name": "OpenAIDetector"
    },
    {
      "name": "PrivateKeyDetector"
    },
    {
      "name": "PypiTokenDetector"
    },
    {
      "name": "SendGridDetector"
    },
    {
      "name": "SlackDetector"
    },
    {
      "name": "SoftlayerDetector"
    },
    {
      "name": "SquareOAuthDetector"
    },
    {
      "name": "StripeDetector"
    },
    {
      "name": "TelegramBotTokenDetector"
    },
    {
      "name": "TwilioKeyDetector"
    }
  ],
  "filters_used": [
    {
      "path": "detect_secrets.filters.allowlist.is_line_allowlisted"
    },
    {
      "path": "detect_secrets.filters.common.is_baseline_file",
      "filename": ".secrets.baseline"
    },
    {
      "path": "detect_secrets.filters.common.is_ignored_due_to_verification_policies",
      "min_level": 2
    },
    {
      "path": "detect_secrets.filters.heuristic.is_indirect_reference"
    },
    {
      "path": "detect_secrets.filters.heuristic.is_likely_id_string"
    },
    {
      "path": "detect_secrets.filters.heuristic.is_lock_file"
    },
    {
      "path": "detect_secrets.filters.heuristic.is_not_alphanumeric_string"
    },
    {
      "path": "detect_secrets.filters.heuristic.is_potential_uuid"
    },
    {
      "path": "detect_secrets.filters.heuristic.is_prefixed_with_dollar_sign"
    },
    {
      "path": "detect_secrets.filters.heuristic.is_sequential_string"
    },
    {
      "path": "detect_secrets.filters.heuristic.is_swagger_file"
    },
    {
      "path": "detect_secrets.filters.heuristic.is_templated_secret"
    },
    {
      "path": "detect_secrets.filters.regex.should_exclude_file",
      "pattern": [
        "\\.git/|\\.venv/|\\.mypy_cache/|htmlcov/|\\.pytest_cache/|poetry\\.lock"
      ]
    }
  ],
  "results": {
    ".env.example": [
      {
        "type": "Basic Auth Credentials",
        "filename": ".env.example",
        "hashed_secret": "65cf8cd353cae2b48a8480cc49cd2e7dabb1bbb3",
        "is_verified": false,
        "line_number": 10
      }
    ],
    ".github/workflows/ci.yml": [
      {
        "type": "Secret Keyword",
        "filename": ".github/workflows/ci.yml",
        "hashed_secret": "206c80413b9a96c1312cc346b7d2517b84463edd",
        "is_verified": false,
        "line_number": 73
      },
      {
        "type": "Basic Auth Credentials",
        "filename": ".github/workflows/ci.yml",
        "hashed_secret": "206c80413b9a96c1312cc346b7d2517b84463edd",
        "is_verified": false,
        "line_number": 111
      }
    ],
    "CODING_STANDARDS.md": [
      {
        "type": "Basic Auth Credentials",
        "filename": "CODING_STANDARDS.md",
        "hashed_secret": "5baa61e4c9b93f3f0682250b6cf8331b7ee68fd8",
        "is_verified": false,
        "line_number": 963
      },
      {
        "type": "Basic Auth Credentials",
        "filename": "CODING_STANDARDS.md",
        "hashed_secret": "7a39610968ab6e6e3eedfaf02e526e61df0d1adb",
        "is_verified": false,
        "line_number": 974
      }
    ],
    "MOVE_PROPRIETARY_FILES.md": [
      {
        "type": "Base64 High Entropy String",
        "filename": "MOVE_PROPRIETARY_FILES.md",
        "hashed_secret": "7644cf9067ba79e1d381af678f8bfe172898fa49",
        "is_verified": false,
        "line_number": 172
      }
    ],
    "alembic.ini": [
      {
        "type": "Basic Auth Credentials",
        "filename": "alembic.ini",
        "hashed_secret": "58729d0e6d2a32cc897bd6d601980806738619ed",
        "is_verified": false,
        "line_number": 41
      }
    ],
    "alembic/versions/20260214_2242_2adcce6e7173_fix_curriculum_strands_created_at_type_.py": [
      {
        "type": "Hex High Entropy String",
        "filename": "alembic/versions/20260214_2242_2adcce6e7173_fix_curriculum_strands_created_at_type_.py",
        "hashed_secret": "21a6da06050107aaad084af1e9e39f6f9c750aa2",
        "is_verified": false,
        "line_number": 16
      }
    ],
    "docker-compose.yml": [
      {
        "type": "Secret Keyword",
        "filename": "docker-compose.yml",
        "hashed_secret": "58729d0e6d2a32cc897bd6d601980806738619ed",
        "is_verified": false,
        "line_number": 13
      }
    ],
    "docs/architecture/ARCHITECTURE.md": [
      {
        "type": "Secret Keyword",
        "filename": "docs/architecture/ARCHITECTURE.md",
        "hashed_secret": "c89d994821c9ef2f54b8aa2edec94b65bc4f9bb7",
        "is_verified": false,
        "line_number": 1051
      },
      {
        "type": "Basic Auth Credentials",
        "filename": "docs/architecture/ARCHITECTURE.md",
        "hashed_secret": "9d4e1e23bd5b727046a9e3b4b7db57bd8d6ee684",
        "is_verified": false,
        "line_number": 1358
      }
    ],
    "docs/gapsense_claude_code_prompt.md": [
      {
        "type": "Basic Auth Credentials",
        "filename": "docs/gapsense_claude_code_prompt.md",
        "hashed_secret": "9d4e1e23bd5b727046a9e3b4b7db57bd8d6ee684",
        "is_verified": false,
        "line_number": 347
      }
    ],
    "docs/gapsense_claude_code_prompt_v2.md": [
      {
        "type": "Basic Auth Credentials",
        "filename": "docs/gapsense_claude_code_prompt_v2.md",
        "hashed_secret": "9d4e1e23bd5b727046a9e3b4b7db57bd8d6ee684",
        "is_verified": false,
        "line_number": 404
      }
    ],
    "src/gapsense/config.py": [
      {
        "type": "Basic Auth Credentials",
        "filename": "src/gapsense/config.py",
        "hashed_secret": "58729d0e6d2a32cc897bd6d601980806738619ed",
        "is_verified": false,
        "line_number": 36
      }
    ],
    "tests/conftest.py": [
      {
        "type": "Basic Auth Credentials",
        "filename": "tests/conftest.py",
        "hashed_secret": "58729d0e6d2a32cc897bd6d601980806738619ed",
        "is_verified": false,
        "line_number": 30
      }
    ]
  },
  "generated_at": "2026-02-15T12:02:22Z"
}
